LTspice 24.0.12 for Windows
Circuit: * C:\Users\AJP\Desktop\QRNG\spice\breadboardCircuit.asc
Start Time: Wed Jul 29 14:33:25 2026
solver = Normal
Maximum thread count: 16
tnom = 27
temp = 27
method = Gear
Instance "m:u1:1": Length shorter than recommended for a level 1 MOSFET.
Instance "m:u1:8": Length shorter than recommended for a level 1 MOSFET.
Instance "m:u1:2": Length shorter than recommended for a level 1 MOSFET.
Instance "m:u1:3": Length shorter than recommended for a level 1 MOSFET.
Instance "m:u1:4": Length shorter than recommended for a level 1 MOSFET.
Instance "m:u1:5": Length shorter than recommended for a level 1 MOSFET.
Instance "m:u1:19": Length shorter than recommended for a level 1 MOSFET.
Instance "m:u1:23": Length shorter than recommended for a level 1 MOSFET.
Instance "m:u1:53": Length shorter than recommended for a level 1 MOSFET.
Instance "m:u1:41": Length shorter than recommended for a level 1 MOSFET.
Instance "m:u1:42": Length shorter than recommended for a level 1 MOSFET.
Instance "m:u1:43": Length shorter than recommended for a level 1 MOSFET.
Instance "m:u1:44": Length shorter than recommended for a level 1 MOSFET.
Instance "m:u1:49": Length shorter than recommended for a level 1 MOSFET.
Instance "m:u1:50": Length shorter than recommended for a level 1 MOSFET.
Instance "m:u1:45": Length shorter than recommended for a level 1 MOSFET.
Instance "m:u1:46": Length shorter than recommended for a level 1 MOSFET.
Instance "m:u1:48": Length shorter than recommended for a level 1 MOSFET.
Instance "m:u1:51": Length shorter than recommended for a level 1 MOSFET.
Instance "m:u1:52": Length shorter than recommended for a level 1 MOSFET.
Instance "m:u1:54": Length shorter than recommended for a level 1 MOSFET.
Instance "m:u1:55": Length shorter than recommended for a level 1 MOSFET.
Direct Newton iteration failed to find .op point.  (Use ".option noopiter" to skip.)
Starting Gmin stepping
Gmin = 10
Gmin = 1.07374
vernier = 0.5
vernier = 0.25
vernier = 0.125
vernier = 0.0625
Gmin = 1.11898
vernier = 0.03125
vernier = 0.015625
vernier = 0.0078125
vernier = 0.00390625
vernier = 0.00195312
vernier = 0.000976562
vernier = 0.000488281
Gmin = 0
Gmin stepping failed

Starting source stepping with srcstepmethod=0
Source Step = 3.0303%
Source Step = 33.3333%
Source Step = 63.6364%
Source Step = 70.8333%
Source Step = 72.7273%
Source Step = 74.6212%
Source Step = 76.5152%
Source Step = 78.4091%
vernier = 0.09375
Source Step = 80.7765%
Source Step = 83.6174%
Source Step = 86.4583%
Source Step = 89.2992%
Source Step = 92.1402%
vernier = 0.140625
Source Step = 95.5492%
Source Step = 99.8106%
Source stepping succeeded in finding the operating point.

Total elapsed time: 3.614 seconds.

